82.125.205.192 - - [01/Feb/2024:20:59:00 +0000] "GET / HTTP/1.1" 200 396 "-" "Mozilla/5.0 (Macintosh; Intel Mac OS X 10_15_7) AppleWebKit/537.36 (KHTML, like Gecko) Chrome/119.0.0.0 Safari/537.36"
82.125.205.192 - - [01/Feb/2024:20:59:03 +0000] "GET /favicon.ico HTTP/1.1" 404 197 "http://evaluation.nelly-datascientest.cloudns.be/" "Mozilla/5.0 (Macintosh; Intel Mac OS X 10_15_7) AppleWebKit/537.36 (KHTML, like Gecko) Chrome/119.0.0.0 Safari/537.36"
82.125.205.192 - - [01/Feb/2024:21:38:21 +0000] "GET / HTTP/1.1" 200 3543 "-" "Mozilla/5.0 (Macintosh; Intel Mac OS X 10_15_7) AppleWebKit/537.36 (KHTML, like Gecko) Chrome/119.0.0.0 Safari/537.36"
82.125.205.192 - - [01/Feb/2024:21:38:22 +0000] "GET /icons/ubuntu-logo.png HTTP/1.1" 404 197 "http://evaluation.nelly-datascientest.cloudns.be/" "Mozilla/5.0 (Macintosh; Intel Mac OS X 10_15_7) AppleWebKit/537.36 (KHTML, like Gecko) Chrome/119.0.0.0 Safari/537.36"
107.170.208.28 - - [01/Feb/2024:21:39:49 +0000] "GET /hudson HTTP/1.1" 404 134 "-" "Mozilla/5.0 zgrab/0.x"
82.125.205.192 - - [01/Feb/2024:21:52:10 +0000] "GET / HTTP/1.1" 502 568 "-" "Mozilla/5.0 (Macintosh; Intel Mac OS X 10_15_7) AppleWebKit/537.36 (KHTML, like Gecko) Chrome/119.0.0.0 Safari/537.36"
205.210.31.162 - - [01/Feb/2024:21:58:10 +0000] "\x16\x03\x01\x00\xEE\x01\x00\x00\xEA\x03\x03\xEF\xBF\x00\xE9f9\xDF\xAB-\xB4\xF0\xFCj\x1C\xD4\x8B\xF6\xA4\xFAi/\x99\xF6\xF5\x9F\xA8\x9DD\x0BP\x95\xD7 \xC5\xB8Z\xC6\x88\xB4\xF7D\x88p8>i\x0B\xFDX*%\x82\xC4\xD1\x0B,\xA6%\xEF\x22\xDB\xDF\x8FN\xC0\x00&\xC0+\xC0/\xC0,\xC00\xCC\xA9\xCC\xA8\xC0\x09\xC0\x13\xC0" 400 166 "-" "-"
205.210.31.162 - - [01/Feb/2024:21:58:10 +0000] "\x16\x03\x01\x00\xCA\x01\x00\x00\xC6\x03\x03dg|\xF8X!\x12b\x98\x92\xFF\xB3\x94\xF8\xC9Q\xEF\xD7\xE9\xFE\xE8\x0F" 400 166 "-" "-"
82.125.205.192 - - [01/Feb/2024:22:03:41 +0000] "GET / HTTP/1.1" 502 568 "-" "Mozilla/5.0 (Macintosh; Intel Mac OS X 10_15_7) AppleWebKit/537.36 (KHTML, like Gecko) Chrome/119.0.0.0 Safari/537.36"
82.125.205.192 - - [01/Feb/2024:22:03:50 +0000] "GET / HTTP/1.1" 502 568 "-" "Mozilla/5.0 (Macintosh; Intel Mac OS X 10_15_7) AppleWebKit/537.36 (KHTML, like Gecko) Chrome/119.0.0.0 Safari/537.36"
82.125.205.192 - - [01/Feb/2024:22:03:54 +0000] "GET / HTTP/1.1" 502 568 "-" "Mozilla/5.0 (Macintosh; Intel Mac OS X 10_15_7) AppleWebKit/537.36 (KHTML, like Gecko) Chrome/119.0.0.0 Safari/537.36"
82.125.205.192 - - [01/Feb/2024:22:03:55 +0000] "GET / HTTP/1.1" 502 568 "-" "Mozilla/5.0 (Macintosh; Intel Mac OS X 10_15_7) AppleWebKit/537.36 (KHTML, like Gecko) Chrome/119.0.0.0 Safari/537.36"
82.125.205.192 - - [01/Feb/2024:22:06:08 +0000] "GET /wp-admin HTTP/1.1" 301 178 "-" "Mozilla/5.0 (Macintosh; Intel Mac OS X 10_15_7) AppleWebKit/537.36 (KHTML, like Gecko) Chrome/119.0.0.0 Safari/537.36"
82.125.205.192 - - [01/Feb/2024:22:06:08 +0000] "GET /wp-admin/ HTTP/1.1" 502 568 "-" "Mozilla/5.0 (Macintosh; Intel Mac OS X 10_15_7) AppleWebKit/537.36 (KHTML, like Gecko) Chrome/119.0.0.0 Safari/537.36"
82.125.205.192 - - [01/Feb/2024:22:06:18 +0000] "GET /wp-admin/install.php HTTP/1.1" 502 568 "-" "Mozilla/5.0 (Macintosh; Intel Mac OS X 10_15_7) AppleWebKit/537.36 (KHTML, like Gecko) Chrome/119.0.0.0 Safari/537.36"
221.12.166.123 - - [01/Feb/2024:22:08:13 +0000] "GET / HTTP/1.1" 403 564 "-" "Mozilla/5.0 (Windows NT 10.0; Win64; x64) AppleWebKit/537.36 (KHTML, like Gecko) Chrome/63.0.3239.84 Safari/537.36"
146.19.24.23 - - [01/Feb/2024:22:17:27 +0000] "GET / HTTP/1.1" 403 162 "-" "-"
102.129.232.53 - - [01/Feb/2024:22:27:02 +0000] "HEAD / HTTP/1.1" 403 0 "-" "Mozilla/5.0 (X11; U; Linux i686; en-US; rv:1.9a1) Gecko/20060814 Firefox/51.0"
82.125.205.192 - - [01/Feb/2024:22:37:34 +0000] "GET /wp-admin/install.php HTTP/1.1" 200 4549 "-" "Mozilla/5.0 (Macintosh; Intel Mac OS X 10_15_7) AppleWebKit/537.36 (KHTML, like Gecko) Chrome/119.0.0.0 Safari/537.36"
82.125.205.192 - - [01/Feb/2024:22:37:36 +0000] "GET /wp-includes/css/dashicons.min.css?ver=6.4.3 HTTP/1.1" 200 59016 "http://evaluation.nelly-datascientest.cloudns.be/wp-admin/install.php" "Mozilla/5.0 (Macintosh; Intel Mac OS X 10_15_7) AppleWebKit/537.36 (KHTML, like Gecko) Chrome/119.0.0.0 Safari/537.36"
82.125.205.192 - - [01/Feb/2024:22:37:36 +0000] "GET /wp-admin/css/l10n.min.css?ver=6.4.3 HTTP/1.1" 200 2477 "http://evaluation.nelly-datascientest.cloudns.be/wp-admin/install.php" "Mozilla/5.0 (Macintosh; Intel Mac OS X 10_15_7) AppleWebKit/537.36 (KHTML, like Gecko) Chrome/119.0.0.0 Safari/537.36"
82.125.205.192 - - [01/Feb/2024:22:37:36 +0000] "GET /wp-includes/css/buttons.min.css?ver=6.4.3 HTTP/1.1" 200 5925 "http://evaluation.nelly-datascientest.cloudns.be/wp-admin/install.php" "Mozilla/5.0 (Macintosh; Intel Mac OS X 10_15_7) AppleWebKit/537.36 (KHTML, like Gecko) Chrome/119.0.0.0 Safari/537.36"
82.125.205.192 - - [01/Feb/2024:22:37:36 +0000] "GET /wp-admin/css/install.min.css?ver=6.4.3 HTTP/1.1" 200 5157 "http://evaluation.nelly-datascientest.cloudns.be/wp-admin/install.php" "Mozilla/5.0 (Macintosh; Intel Mac OS X 10_15_7) AppleWebKit/537.36 (KHTML, like Gecko) Chrome/119.0.0.0 Safari/537.36"
82.125.205.192 - - [01/Feb/2024:22:37:36 +0000] "GET /wp-admin/css/forms.min.css?ver=6.4.3 HTTP/1.1" 200 27499 "http://evaluation.nelly-datascientest.cloudns.be/wp-admin/install.php" "Mozilla/5.0 (Macintosh; Intel Mac OS X 10_15_7) AppleWebKit/537.36 (KHTML, like Gecko) Chrome/119.0.0.0 Safari/537.36"
82.125.205.192 - - [01/Feb/2024:22:37:36 +0000] "GET /wp-includes/js/jquery/jquery.min.js?ver=3.7.1 HTTP/1.1" 200 87553 "http://evaluation.nelly-datascientest.cloudns.be/wp-admin/install.php" "Mozilla/5.0 (Macintosh; Intel Mac OS X 10_15_7) AppleWebKit/537.36 (KHTML, like Gecko) Chrome/119.0.0.0 Safari/537.36"
82.125.205.192 - - [01/Feb/2024:22:37:37 +0000] "GET /wp-includes/js/jquery/jquery-migrate.min.js?ver=3.4.1 HTTP/1.1" 200 13577 "http://evaluation.nelly-datascientest.cloudns.be/wp-admin/install.php" "Mozilla/5.0 (Macintosh; Intel Mac OS X 10_15_7) AppleWebKit/537.36 (KHTML, like Gecko) Chrome/119.0.0.0 Safari/537.36"
82.125.205.192 - - [01/Feb/2024:22:37:37 +0000] "GET /wp-admin/js/language-chooser.min.js?ver=6.4.3 HTTP/1.1" 200 423 "http://evaluation.nelly-datascientest.cloudns.be/wp-admin/install.php" "Mozilla/5.0 (Macintosh; Intel Mac OS X 10_15_7) AppleWebKit/537.36 (KHTML, like Gecko) Chrome/119.0.0.0 Safari/537.36"
82.125.205.192 - - [01/Feb/2024:22:37:37 +0000] "GET /wp-admin/images/wordpress-logo.svg?ver=20131107 HTTP/1.1" 200 1521 "http://evaluation.nelly-datascientest.cloudns.be/wp-admin/css/install.min.css?ver=6.4.3" "Mozilla/5.0 (Macintosh; Intel Mac OS X 10_15_7) AppleWebKit/537.36 (KHTML, like Gecko) Chrome/119.0.0.0 Safari/537.36"
82.125.205.192 - - [01/Feb/2024:22:37:37 +0000] "GET /wp-admin/images/spinner-2x.gif HTTP/1.1" 200 7536 "http://evaluation.nelly-datascientest.cloudns.be/wp-admin/css/install.min.css?ver=6.4.3" "Mozilla/5.0 (Macintosh; Intel Mac OS X 10_15_7) AppleWebKit/537.36 (KHTML, like Gecko) Chrome/119.0.0.0 Safari/537.36"
82.125.205.192 - - [01/Feb/2024:22:38:02 +0000] "POST /wp-admin/install.php?step=1 HTTP/1.1" 200 2761 "http://evaluation.nelly-datascientest.cloudns.be/wp-admin/install.php" "Mozilla/5.0 (Macintosh; Intel Mac OS X 10_15_7) AppleWebKit/537.36 (KHTML, like Gecko) Chrome/119.0.0.0 Safari/537.36"
82.125.205.192 - - [01/Feb/2024:22:38:03 +0000] "GET /wp-includes/js/zxcvbn-async.min.js?ver=1.0 HTTP/1.1" 200 351 "http://evaluation.nelly-datascientest.cloudns.be/wp-admin/install.php?step=1" "Mozilla/5.0 (Macintosh; Intel Mac OS X 10_15_7) AppleWebKit/537.36 (KHTML, like Gecko) Chrome/119.0.0.0 Safari/537.36"
82.125.205.192 - - [01/Feb/2024:22:38:03 +0000] "GET /wp-includes/js/dist/vendor/wp-polyfill-inert.min.js?ver=3.1.2 HTTP/1.1" 200 8171 "http://evaluation.nelly-datascientest.cloudns.be/wp-admin/install.php?step=1" "Mozilla/5.0 (Macintosh; Intel Mac OS X 10_15_7) AppleWebKit/537.36 (KHTML, like Gecko) Chrome/119.0.0.0 Safari/537.36"
82.125.205.192 - - [01/Feb/2024:22:38:03 +0000] "GET /wp-includes/js/dist/vendor/regenerator-runtime.min.js?ver=0.14.0 HTTP/1.1" 200 6625 "http://evaluation.nelly-datascientest.cloudns.be/wp-admin/install.php?step=1" "Mozilla/5.0 (Macintosh; Intel Mac OS X 10_15_7) AppleWebKit/537.36 (KHTML, like Gecko) Chrome/119.0.0.0 Safari/537.36"
82.125.205.192 - - [01/Feb/2024:22:38:03 +0000] "GET /wp-includes/js/dist/i18n.min.js?ver=7701b0c3857f914212ef HTTP/1.1" 200 9445 "http://evaluation.nelly-datascientest.cloudns.be/wp-admin/install.php?step=1" "Mozilla/5.0 (Macintosh; Intel Mac OS X 10_15_7) AppleWebKit/537.36 (KHTML, like Gecko) Chrome/119.0.0.0 Safari/537.36"
82.125.205.192 - - [01/Feb/2024:22:38:03 +0000] "GET /wp-includes/js/dist/hooks.min.js?ver=c6aec9a8d4e5a5d543a1 HTTP/1.1" 200 4627 "http://evaluation.nelly-datascientest.cloudns.be/wp-admin/install.php?step=1" "Mozilla/5.0 (Macintosh; Intel Mac OS X 10_15_7) AppleWebKit/537.36 (KHTML, like Gecko) Chrome/119.0.0.0 Safari/537.36"
82.125.205.192 - - [01/Feb/2024:22:38:03 +0000] "GET /wp-admin/js/password-strength-meter.min.js?ver=6.4.3 HTTP/1.1" 200 1123 "http://evaluation.nelly-datascientest.cloudns.be/wp-admin/install.php?step=1" "Mozilla/5.0 (Macintosh; Intel Mac OS X 10_15_7) AppleWebKit/537.36 (KHTML, like Gecko) Chrome/119.0.0.0 Safari/537.36"
82.125.205.192 - - [01/Feb/2024:22:38:03 +0000] "GET /wp-includes/js/dist/vendor/wp-polyfill.min.js?ver=3.15.0 HTTP/1.1" 200 115127 "http://evaluation.nelly-datascientest.cloudns.be/wp-admin/install.php?step=1" "Mozilla/5.0 (Macintosh; Intel Mac OS X 10_15_7) AppleWebKit/537.36 (KHTML, like Gecko) Chrome/119.0.0.0 Safari/537.36"
82.125.205.192 - - [01/Feb/2024:22:38:03 +0000] "GET /wp-includes/js/underscore.min.js?ver=1.13.4 HTTP/1.1" 200 18833 "http://evaluation.nelly-datascientest.cloudns.be/wp-admin/install.php?step=1" "Mozilla/5.0 (Macintosh; Intel Mac OS X 10_15_7) AppleWebKit/537.36 (KHTML, like Gecko) Chrome/119.0.0.0 Safari/537.36"
82.125.205.192 - - [01/Feb/2024:22:38:03 +0000] "GET /wp-includes/js/wp-util.min.js?ver=6.4.3 HTTP/1.1" 200 1426 "http://evaluation.nelly-datascientest.cloudns.be/wp-admin/install.php?step=1" "Mozilla/5.0 (Macintosh; Intel Mac OS X 10_15_7) AppleWebKit/537.36 (KHTML, like Gecko) Chrome/119.0.0.0 Safari/537.36"
82.125.205.192 - - [01/Feb/2024:22:38:03 +0000] "GET /wp-admin/js/user-profile.min.js?ver=6.4.3 HTTP/1.1" 200 6276 "http://evaluation.nelly-datascientest.cloudns.be/wp-admin/install.php?step=1" "Mozilla/5.0 (Macintosh; Intel Mac OS X 10_15_7) AppleWebKit/537.36 (KHTML, like Gecko) Chrome/119.0.0.0 Safari/537.36"
82.125.205.192 - - [01/Feb/2024:22:38:04 +0000] "GET /wp-includes/js/zxcvbn.min.js HTTP/1.1" 200 822237 "http://evaluation.nelly-datascientest.cloudns.be/wp-admin/install.php?step=1" "Mozilla/5.0 (Macintosh; Intel Mac OS X 10_15_7) AppleWebKit/537.36 (KHTML, like Gecko) Chrome/119.0.0.0 Safari/537.36"
185.254.196.173 - - [01/Feb/2024:22:38:53 +0000] "GET /.env HTTP/1.1" 404 197 "-" "Mozilla/5.0 (X11; Linux x86_64) AppleWebKit/537.36 (KHTML, like Gecko) Chrome/81.0.4044.129 Safari/537.36"
185.254.196.173 - - [01/Feb/2024:22:38:54 +0000] "POST / HTTP/1.1" 405 568 "-" "Mozilla/5.0 (X11; Linux x86_64) AppleWebKit/537.36 (KHTML, like Gecko) Chrome/81.0.4044.129 Safari/537.36"
54.74.140.226 - - [01/Feb/2024:22:39:09 +0000] "POST /wp-cron.php?doing_wp_cron=1706827149.0982770919799804687500 HTTP/1.1" 499 0 "-" "WordPress/6.4.3; http://evaluation.nelly-datascientest.cloudns.be"
54.74.140.226 - - [01/Feb/2024:22:39:09 +0000] "GET /2024/02/01/bonjour-tout-le-monde/ HTTP/1.1" 200 17159 "-" "WordPress/6.4.3; http://evaluation.nelly-datascientest.cloudns.be"
82.125.205.192 - - [01/Feb/2024:22:39:09 +0000] "POST /wp-admin/install.php?step=2 HTTP/1.1" 200 1773 "http://evaluation.nelly-datascientest.cloudns.be/wp-admin/install.php?step=1" "Mozilla/5.0 (Macintosh; Intel Mac OS X 10_15_7) AppleWebKit/537.36 (KHTML, like Gecko) Chrome/119.0.0.0 Safari/537.36"
82.125.205.192 - - [01/Feb/2024:22:39:42 +0000] "GET /wp-login.php HTTP/1.1" 200 2766 "http://evaluation.nelly-datascientest.cloudns.be/wp-admin/install.php?step=2" "Mozilla/5.0 (Macintosh; Intel Mac OS X 10_15_7) AppleWebKit/537.36 (KHTML, like Gecko) Chrome/119.0.0.0 Safari/537.36"
82.125.205.192 - - [01/Feb/2024:22:39:42 +0000] "GET /wp-admin/css/login.min.css?ver=6.4.3 HTTP/1.1" 200 6462 "http://evaluation.nelly-datascientest.cloudns.be/wp-login.php" "Mozilla/5.0 (Macintosh; Intel Mac OS X 10_15_7) AppleWebKit/537.36 (KHTML, like Gecko) Chrome/119.0.0.0 Safari/537.36"
82.125.205.192 - - [01/Feb/2024:22:39:48 +0000] "POST /wp-login.php HTTP/1.1" 302 5 "http://evaluation.nelly-datascientest.cloudns.be/wp-login.php" "Mozilla/5.0 (Macintosh; Intel Mac OS X 10_15_7) AppleWebKit/537.36 (KHTML, like Gecko) Chrome/119.0.0.0 Safari/537.36"
82.125.205.192 - - [01/Feb/2024:22:39:49 +0000] "GET /wp-admin/ HTTP/1.1" 200 25752 "http://evaluation.nelly-datascientest.cloudns.be/wp-login.php" "Mozilla/5.0 (Macintosh; Intel Mac OS X 10_15_7) AppleWebKit/537.36 (KHTML, like Gecko) Chrome/119.0.0.0 Safari/537.36"
82.125.205.192 - - [01/Feb/2024:22:39:50 +0000] "GET /wp-includes/js/thickbox/thickbox.css?ver=6.4.3 HTTP/1.1" 200 2659 "http://evaluation.nelly-datascientest.cloudns.be/wp-admin/" "Mozilla/5.0 (Macintosh; Intel Mac OS X 10_15_7) AppleWebKit/537.36 (KHTML, like Gecko) Chrome/119.0.0.0 Safari/537.36"
82.125.205.192 - - [01/Feb/2024:22:39:50 +0000] "GET /wp-includes/css/editor.min.css?ver=6.4.3 HTTP/1.1" 200 26971 "http://evaluation.nelly-datascientest.cloudns.be/wp-admin/" "Mozilla/5.0 (Macintosh; Intel Mac OS X 10_15_7) AppleWebKit/537.36 (KHTML, like Gecko) Chrome/119.0.0.0 Safari/537.36"
82.125.205.192 - - [01/Feb/2024:22:39:50 +0000] "GET /wp-admin/js/common.min.js?ver=6.4.3 HTTP/1.1" 200 22086 "http://evaluation.nelly-datascientest.cloudns.be/wp-admin/" "Mozilla/5.0 (Macintosh; Intel Mac OS X 10_15_7) AppleWebKit/537.36 (KHTML, like Gecko) Chrome/119.0.0.0 Safari/537.36"
82.125.205.192 - - [01/Feb/2024:22:39:50 +0000] "GET /wp-admin/load-scripts.php?c=0&load%5Bchunk_0%5D=jquery-core,jquery-migrate,utils&ver=6.4.3 HTTP/1.1" 200 103090 "http://evaluation.nelly-datascientest.cloudns.be/wp-admin/" "Mozilla/5.0 (Macintosh; Intel Mac OS X 10_15_7) AppleWebKit/537.36 (KHTML, like Gecko) Chrome/119.0.0.0 Safari/537.36"
82.125.205.192 - - [01/Feb/2024:22:39:50 +0000] "GET /wp-admin/load-scripts.php?c=0&load%5Bchunk_0%5D=hoverIntent,wp-polyfill-inert,regenerator-runtime,wp-polyfill,wp-hooks&ver=6.4.3 HTTP/1.1" 200 136210 "http://evaluation.nelly-datascientest.cloudns.be/wp-admin/" "Mozilla/5.0 (Macintosh; Intel Mac OS X 10_15_7) AppleWebKit/537.36 (KHTML, like Gecko) Chrome/119.0.0.0 Safari/537.36"
82.125.205.192 - - [01/Feb/2024:22:39:50 +0000] "GET /wp-includes/js/hoverintent-js.min.js?ver=2.2.1 HTTP/1.1" 200 1718 "http://evaluation.nelly-datascientest.cloudns.be/wp-admin/" "Mozilla/5.0 (Macintosh; Intel Mac OS X 10_15_7) AppleWebKit/537.36 (KHTML, like Gecko) Chrome/119.0.0.0 Safari/537.36"
82.125.205.192 - - [01/Feb/2024:22:39:50 +0000] "GET /wp-includes/js/admin-bar.min.js?ver=6.4.3 HTTP/1.1" 200 3536 "http://evaluation.nelly-datascientest.cloudns.be/wp-admin/" "Mozilla/5.0 (Macintosh; Intel Mac OS X 10_15_7) AppleWebKit/537.36 (KHTML, like Gecko) Chrome/119.0.0.0 Safari/537.36"
82.125.205.192 - - [01/Feb/2024:22:39:50 +0000] "GET /wp-admin/load-styles.php?c=0&dir=ltr&load%5Bchunk_0%5D=dashicons,admin-bar,site-health,common,forms,admin-menu,dashboard,list-tables,edit,revisions,media,themes,about,nav-menus,wp-poi&load%5Bchunk_1%5D=nter,widgets,site-icon,l10n,buttons,wp-auth-check&ver=6.4.3 HTTP/1.1" 200 396085 "http://evaluation.nelly-datascientest.cloudns.be/wp-admin/" "Mozilla/5.0 (Macintosh; Intel Mac OS X 10_15_7) AppleWebKit/537.36 (KHTML, like Gecko) Chrome/119.0.0.0 Safari/537.36"
82.125.205.192 - - [01/Feb/2024:22:39:50 +0000] "GET /wp-includes/js/clipboard.min.js?ver=2.0.11 HTTP/1.1" 200 9009 "http://evaluation.nelly-datascientest.cloudns.be/wp-admin/" "Mozilla/5.0 (Macintosh; Intel Mac OS X 10_15_7) AppleWebKit/537.36 (KHTML, like Gecko) Chrome/119.0.0.0 Safari/537.36"
82.125.205.192 - - [01/Feb/2024:22:39:50 +0000] "GET /wp-includes/js/dist/dom-ready.min.js?ver=392bdd43726760d1f3ca HTTP/1.1" 200 498 "http://evaluation.nelly-datascientest.cloudns.be/wp-admin/" "Mozilla/5.0 (Macintosh; Intel Mac OS X 10_15_7) AppleWebKit/537.36 (KHTML, like Gecko) Chrome/119.0.0.0 Safari/537.36"
82.125.205.192 - - [01/Feb/2024:22:39:50 +0000] "GET /wp-includes/js/dist/a11y.min.js?ver=7032343a947cfccf5608 HTTP/1.1" 200 2448 "http://evaluation.nelly-datascientest.cloudns.be/wp-admin/" "Mozilla/5.0 (Macintosh; Intel Mac OS X 10_15_7) AppleWebKit/537.36 (KHTML, like Gecko) Chrome/119.0.0.0 Safari/537.36"
82.125.205.192 - - [01/Feb/2024:22:39:50 +0000] "GET /wp-includes/js/api-request.min.js?ver=6.4.3 HTTP/1.1" 200 1023 "http://evaluation.nelly-datascientest.cloudns.be/wp-admin/" "Mozilla/5.0 (Macintosh; Intel Mac OS X 10_15_7) AppleWebKit/537.36 (KHTML, like Gecko) Chrome/119.0.0.0 Safari/537.36"
82.125.205.192 - - [01/Feb/2024:22:39:50 +0000] "GET /wp-admin/js/site-health.min.js?ver=6.4.3 HTTP/1.1" 200 6301 "http://evaluation.nelly-datascientest.cloudns.be/wp-admin/" "Mozilla/5.0 (Macintosh; Intel Mac OS X 10_15_7) AppleWebKit/537.36 (KHTML, like Gecko) Chrome/119.0.0.0 Safari/537.36"
82.125.205.192 - - [01/Feb/2024:22:39:50 +0000] "GET /wp-includes/js/dist/url.min.js?ver=b4979979018b684be209 HTTP/1.1" 200 9629 "http://evaluation.nelly-datascientest.cloudns.be/wp-admin/" "Mozilla/5.0 (Macintosh; Intel Mac OS X 10_15_7) AppleWebKit/537.36 (KHTML, like Gecko) Chrome/119.0.0.0 Safari/537.36"
82.125.205.192 - - [01/Feb/2024:22:39:50 +0000] "GET /wp-includes/js/wp-ajax-response.min.js?ver=6.4.3 HTTP/1.1" 200 2440 "http://evaluation.nelly-datascientest.cloudns.be/wp-admin/" "Mozilla/5.0 (Macintosh; Intel Mac OS X 10_15_7) AppleWebKit/537.36 (KHTML, like Gecko) Chrome/119.0.0.0 Safari/537.36"
82.125.205.192 - - [01/Feb/2024:22:39:50 +0000] "GET /wp-includes/js/jquery/jquery.color.min.js?ver=2.2.0 HTTP/1.1" 200 7047 "http://evaluation.nelly-datascientest.cloudns.be/wp-admin/" "Mozilla/5.0 (Macintosh; Intel Mac OS X 10_15_7) AppleWebKit/537.36 (KHTML, like Gecko) Chrome/119.0.0.0 Safari/537.36"
82.125.205.192 - - [01/Feb/2024:22:39:50 +0000] "GET /wp-includes/js/wp-lists.min.js?ver=6.4.3 HTTP/1.1" 200 7521 "http://evaluation.nelly-datascientest.cloudns.be/wp-admin/" "Mozilla/5.0 (Macintosh; Intel Mac OS X 10_15_7) AppleWebKit/537.36 (KHTML, like Gecko) Chrome/119.0.0.0 Safari/537.36"
82.125.205.192 - - [01/Feb/2024:22:39:50 +0000] "GET /wp-includes/js/quicktags.min.js?ver=6.4.3 HTTP/1.1" 200 11132 "http://evaluation.nelly-datascientest.cloudns.be/wp-admin/" "Mozilla/5.0 (Macintosh; Intel Mac OS X 10_15_7) AppleWebKit/537.36 (KHTML, like Gecko) Chrome/119.0.0.0 Safari/537.36"
82.125.205.192 - - [01/Feb/2024:22:39:50 +0000] "GET /wp-admin/js/edit-comments.min.js?ver=6.4.3 HTTP/1.1" 200 15349 "http://evaluation.nelly-datascientest.cloudns.be/wp-admin/" "Mozilla/5.0 (Macintosh; Intel Mac OS X 10_15_7) AppleWebKit/537.36 (KHTML, like Gecko) Chrome/119.0.0.0 Safari/537.36"
82.125.205.192 - - [01/Feb/2024:22:39:50 +0000] "GET /wp-includes/js/jquery/jquery.query.js?ver=2.2.3 HTTP/1.1" 200 3694 "http://evaluation.nelly-datascientest.cloudns.be/wp-admin/" "Mozilla/5.0 (Macintosh; Intel Mac OS X 10_15_7) AppleWebKit/537.36 (KHTML, like Gecko) Chrome/119.0.0.0 Safari/537.36"
82.125.205.192 - - [01/Feb/2024:22:39:50 +0000] "GET /wp-includes/js/jquery/ui/core.min.js?ver=1.13.2 HTTP/1.1" 200 21438 "http://evaluation.nelly-datascientest.cloudns.be/wp-admin/" "Mozilla/5.0 (Macintosh; Intel Mac OS X 10_15_7) AppleWebKit/537.36 (KHTML, like Gecko) Chrome/119.0.0.0 Safari/537.36"
82.125.205.192 - - [01/Feb/2024:22:39:50 +0000] "GET /wp-includes/js/jquery/ui/mouse.min.js?ver=1.13.2 HTTP/1.1" 200 3402 "http://evaluation.nelly-datascientest.cloudns.be/wp-admin/" "Mozilla/5.0 (Macintosh; Intel Mac OS X 10_15_7) AppleWebKit/537.36 (KHTML, like Gecko) Chrome/119.0.0.0 Safari/537.36"
82.125.205.192 - - [01/Feb/2024:22:39:50 +0000] "GET /wp-includes/js/jquery/ui/sortable.min.js?ver=1.13.2 HTTP/1.1" 200 25449 "http://evaluation.nelly-datascientest.cloudns.be/wp-admin/" "Mozilla/5.0 (Macintosh; Intel Mac OS X 10_15_7) AppleWebKit/537.36 (KHTML, like Gecko) Chrome/119.0.0.0 Safari/537.36"
82.125.205.192 - - [01/Feb/2024:22:39:50 +0000] "GET /wp-admin/js/postbox.min.js?ver=6.4.3 HTTP/1.1" 200 6705 "http://evaluation.nelly-datascientest.cloudns.be/wp-admin/" "Mozilla/5.0 (Macintosh; Intel Mac OS X 10_15_7) AppleWebKit/537.36 (KHTML, like Gecko) Chrome/119.0.0.0 Safari/537.36"
82.125.205.192 - - [01/Feb/2024:22:39:50 +0000] "GET /wp-includes/js/dist/vendor/moment.min.js?ver=2.29.4 HTTP/1.1" 200 57925 "http://evaluation.nelly-datascientest.cloudns.be/wp-admin/" "Mozilla/5.0 (Macintosh; Intel Mac OS X 10_15_7) AppleWebKit/537.36 (KHTML, like Gecko) Chrome/119.0.0.0 Safari/537.36"
82.125.205.192 - - [01/Feb/2024:22:39:50 +0000] "GET /wp-includes/js/dist/deprecated.min.js?ver=73ad3591e7bc95f4777a HTTP/1.1" 200 729 "http://evaluation.nelly-datascientest.cloudns.be/wp-admin/" "Mozilla/5.0 (Macintosh; Intel Mac OS X 10_15_7) AppleWebKit/537.36 (KHTML, like Gecko) Chrome/119.0.0.0 Safari/537.36"
82.125.205.192 - - [01/Feb/2024:22:39:50 +0000] "GET /wp-admin/js/dashboard.min.js?ver=6.4.3 HTTP/1.1" 200 8797 "http://evaluation.nelly-datascientest.cloudns.be/wp-admin/" "Mozilla/5.0 (Macintosh; Intel Mac OS X 10_15_7) AppleWebKit/537.36 (KHTML, like Gecko) Chrome/119.0.0.0 Safari/537.36"
82.125.205.192 - - [01/Feb/2024:22:39:50 +0000] "GET /wp-includes/js/thickbox/thickbox.js?ver=3.1-20121105 HTTP/1.1" 200 13242 "http://evaluation.nelly-datascientest.cloudns.be/wp-admin/" "Mozilla/5.0 (Macintosh; Intel Mac OS X 10_15_7) AppleWebKit/537.36 (KHTML, like Gecko) Chrome/119.0.0.0 Safari/537.36"
82.125.205.192 - - [01/Feb/2024:22:39:50 +0000] "GET /wp-admin/js/plugin-install.min.js?ver=6.4.3 HTTP/1.1" 200 2403 "http://evaluation.nelly-datascientest.cloudns.be/wp-admin/" "Mozilla/5.0 (Macintosh; Intel Mac OS X 10_15_7) AppleWebKit/537.36 (KHTML, like Gecko) Chrome/119.0.0.0 Safari/537.36"
82.125.205.192 - - [01/Feb/2024:22:39:50 +0000] "GET /wp-includes/js/wp-sanitize.min.js?ver=6.4.3 HTTP/1.1" 200 458 "http://evaluation.nelly-datascientest.cloudns.be/wp-admin/" "Mozilla/5.0 (Macintosh; Intel Mac OS X 10_15_7) AppleWebKit/537.36 (KHTML, like Gecko) Chrome/119.0.0.0 Safari/537.36"
82.125.205.192 - - [01/Feb/2024:22:39:50 +0000] "GET /wp-admin/js/updates.min.js?ver=6.4.3 HTTP/1.1" 200 41620 "http://evaluation.nelly-datascientest.cloudns.be/wp-admin/" "Mozilla/5.0 (Macintosh; Intel Mac OS X 10_15_7) AppleWebKit/537.36 (KHTML, like Gecko) Chrome/119.0.0.0 Safari/537.36"
82.125.205.192 - - [01/Feb/2024:22:39:50 +0000] "GET /wp-admin/js/media-upload.min.js?ver=6.4.3 HTTP/1.1" 200 1152 "http://evaluation.nelly-datascientest.cloudns.be/wp-admin/" "Mozilla/5.0 (Macintosh; Intel Mac OS X 10_15_7) AppleWebKit/537.36 (KHTML, like Gecko) Chrome/119.0.0.0 Safari/537.36"
82.125.205.192 - - [01/Feb/2024:22:39:50 +0000] "GET /wp-includes/js/shortcode.min.js?ver=6.4.3 HTTP/1.1" 200 2643 "http://evaluation.nelly-datascientest.cloudns.be/wp-admin/" "Mozilla/5.0 (Macintosh; Intel Mac OS X 10_15_7) AppleWebKit/537.36 (KHTML, like Gecko) Chrome/119.0.0.0 Safari/537.36"
82.125.205.192 - - [01/Feb/2024:22:39:50 +0000] "GET /wp-admin/js/svg-painter.js?ver=6.4.3 HTTP/1.1" 200 5522 "http://evaluation.nelly-datascientest.cloudns.be/wp-admin/" "Mozilla/5.0 (Macintosh; Intel Mac OS X 10_15_7) AppleWebKit/537.36 (KHTML, like Gecko) Chrome/119.0.0.0 Safari/537.36"
82.125.205.192 - - [01/Feb/2024:22:39:50 +0000] "GET /wp-includes/js/dist/date.min.js?ver=936c461ad5dce9c2c8ea HTTP/1.1" 200 783709 "http://evaluation.nelly-datascientest.cloudns.be/wp-admin/" "Mozilla/5.0 (Macintosh; Intel Mac OS X 10_15_7) AppleWebKit/537.36 (KHTML, like Gecko) Chrome/119.0.0.0 Safari/537.36"
82.125.205.192 - - [01/Feb/2024:22:39:50 +0000] "GET /wp-includes/js/wp-auth-check.min.js?ver=6.4.3 HTTP/1.1" 200 1658 "http://evaluation.nelly-datascientest.cloudns.be/wp-admin/" "Mozilla/5.0 (Macintosh; Intel Mac OS X 10_15_7) AppleWebKit/537.36 (KHTML, like Gecko) Chrome/119.0.0.0 Safari/537.36"
82.125.205.192 - - [01/Feb/2024:22:39:50 +0000] "GET /wp-includes/js/jquery/ui/autocomplete.min.js?ver=1.13.2 HTTP/1.1" 200 8466 "http://evaluation.nelly-datascientest.cloudns.be/wp-admin/" "Mozilla/5.0 (Macintosh; Intel Mac OS X 10_15_7) AppleWebKit/537.36 (KHTML, like Gecko) Chrome/119.0.0.0 Safari/537.36"
82.125.205.192 - - [01/Feb/2024:22:39:50 +0000] "GET /wp-includes/js/heartbeat.min.js?ver=6.4.3 HTTP/1.1" 200 6013 "http://evaluation.nelly-datascientest.cloudns.be/wp-admin/" "Mozilla/5.0 (Macintosh; Intel Mac OS X 10_15_7) AppleWebKit/537.36 (KHTML, like Gecko) Chrome/119.0.0.0 Safari/537.36"
82.125.205.192 - - [01/Feb/2024:22:39:50 +0000] "GET /wp-includes/js/wplink.min.js?ver=6.4.3 HTTP/1.1" 200 11253 "http://evaluation.nelly-datascientest.cloudns.be/wp-admin/" "Mozilla/5.0 (Macintosh; Intel Mac OS X 10_15_7) AppleWebKit/537.36 (KHTML, like Gecko) Chrome/119.0.0.0 Safari/537.36"
82.125.205.192 - - [01/Feb/2024:22:39:50 +0000] "GET /wp-includes/js/jquery/ui/menu.min.js?ver=1.13.2 HTTP/1.1" 200 10114 "http://evaluation.nelly-datascientest.cloudns.be/wp-admin/" "Mozilla/5.0 (Macintosh; Intel Mac OS X 10_15_7) AppleWebKit/537.36 (KHTML, like Gecko) Chrome/119.0.0.0 Safari/537.36"
82.125.205.192 - - [01/Feb/2024:22:39:51 +0000] "GET /wp-admin/admin-ajax.php?action=wp-compression-test&test=1&_ajax_nonce=126e06a067&1706827191524 HTTP/1.1" 200 1126 "http://evaluation.nelly-datascientest.cloudns.be/wp-admin/" "Mozilla/5.0 (Macintosh; Intel Mac OS X 10_15_7) AppleWebKit/537.36 (KHTML, like Gecko) Chrome/119.0.0.0 Safari/537.36"
82.125.205.192 - - [01/Feb/2024:22:39:52 +0000] "GET /wp-includes/js/thickbox/loadingAnimation.gif HTTP/1.1" 200 15238 "http://evaluation.nelly-datascientest.cloudns.be/wp-admin/" "Mozilla/5.0 (Macintosh; Intel Mac OS X 10_15_7) AppleWebKit/537.36 (KHTML, like Gecko) Chrome/119.0.0.0 Safari/537.36"
82.125.205.192 - - [01/Feb/2024:22:39:52 +0000] "GET /wp-admin/admin-ajax.php?action=wp-compression-test&test=2&_ajax_nonce=126e06a067&1706827192433 HTTP/1.1" 200 584 "http://evaluation.nelly-datascientest.cloudns.be/wp-admin/" "Mozilla/5.0 (Macintosh; Intel Mac OS X 10_15_7) AppleWebKit/537.36 (KHTML, like Gecko) Chrome/119.0.0.0 Safari/537.36"
82.125.205.192 - - [01/Feb/2024:22:39:52 +0000] "GET /wp-admin/admin-ajax.php?action=dashboard-widgets&widget=dashboard_primary&pagenow=dashboard HTTP/1.1" 200 130 "http://evaluation.nelly-datascientest.cloudns.be/wp-admin/" "Mozilla/5.0 (Macintosh; Intel Mac OS X 10_15_7) AppleWebKit/537.36 (KHTML, like Gecko) Chrome/119.0.0.0 Safari/537.36"
82.125.205.192 - - [01/Feb/2024:22:39:52 +0000] "POST /wp-admin/admin-ajax.php HTTP/1.1" 200 500 "http://evaluation.nelly-datascientest.cloudns.be/wp-admin/" "Mozilla/5.0 (Macintosh; Intel Mac OS X 10_15_7) AppleWebKit/537.36 (KHTML, like Gecko) Chrome/119.0.0.0 Safari/537.36"
82.125.205.192 - - [01/Feb/2024:22:39:53 +0000] "GET /wp-admin/admin-ajax.php?action=wp-compression-test&test=yes&_ajax_nonce=126e06a067&1706827192568 HTTP/1.1" 200 11 "http://evaluation.nelly-datascientest.cloudns.be/wp-admin/" "Mozilla/5.0 (Macintosh; Intel Mac OS X 10_15_7) AppleWebKit/537.36 (KHTML, like Gecko) Chrome/119.0.0.0 Safari/537.36"
54.74.140.226 - - [01/Feb/2024:22:40:52 +0000] "POST /wp-cron.php?doing_wp_cron=1706827252.3687679767608642578125 HTTP/1.1" 499 0 "-" "WordPress/6.4.3; http://evaluation.nelly-datascientest.cloudns.be"
82.125.205.192 - - [01/Feb/2024:22:40:52 +0000] "POST /wp-admin/admin-ajax.php HTTP/1.1" 200 58 "http://evaluation.nelly-datascientest.cloudns.be/wp-admin/" "Mozilla/5.0 (Macintosh; Intel Mac OS X 10_15_7) AppleWebKit/537.36 (KHTML, like Gecko) Chrome/119.0.0.0 Safari/537.36"
82.125.205.192 - - [01/Feb/2024:22:42:52 +0000] "POST /wp-admin/admin-ajax.php HTTP/1.1" 200 58 "http://evaluation.nelly-datascientest.cloudns.be/wp-admin/" "Mozilla/5.0 (Macintosh; Intel Mac OS X 10_15_7) AppleWebKit/537.36 (KHTML, like Gecko) Chrome/119.0.0.0 Safari/537.36"
82.125.205.192 - - [01/Feb/2024:22:44:52 +0000] "POST /wp-admin/admin-ajax.php HTTP/1.1" 200 58 "http://evaluation.nelly-datascientest.cloudns.be/wp-admin/" "Mozilla/5.0 (Macintosh; Intel Mac OS X 10_15_7) AppleWebKit/537.36 (KHTML, like Gecko) Chrome/119.0.0.0 Safari/537.36"
82.125.205.192 - - [01/Feb/2024:22:46:52 +0000] "POST /wp-admin/admin-ajax.php HTTP/1.1" 200 58 "http://evaluation.nelly-datascientest.cloudns.be/wp-admin/" "Mozilla/5.0 (Macintosh; Intel Mac OS X 10_15_7) AppleWebKit/537.36 (KHTML, like Gecko) Chrome/119.0.0.0 Safari/537.36"
82.125.205.192 - - [01/Feb/2024:22:48:52 +0000] "POST /wp-admin/admin-ajax.php HTTP/1.1" 200 58 "http://evaluation.nelly-datascientest.cloudns.be/wp-admin/" "Mozilla/5.0 (Macintosh; Intel Mac OS X 10_15_7) AppleWebKit/537.36 (KHTML, like Gecko) Chrome/119.0.0.0 Safari/537.36"
185.180.143.137 - - [01/Feb/2024:22:50:32 +0000] "GET / HTTP/1.1" 200 3543 "-" "Mozilla/5.0 (Windows NT 10.0; Win64; x64) AppleWebKit/537.36 (KHTML, like Gecko) Chrome/60.0.3112.113 Safari/537.36"
185.180.143.137 - - [01/Feb/2024:22:50:48 +0000] "GET /webfig/ HTTP/1.1" 404 197 "-" "Mozilla/5.0 (Windows NT 10.0; Win64; x64) AppleWebKit/537.36 (KHTML, like Gecko) Chrome/60.0.3112.113 Safari/537.36"
82.125.205.192 - - [01/Feb/2024:22:50:52 +0000] "POST /wp-admin/admin-ajax.php HTTP/1.1" 200 58 "http://evaluation.nelly-datascientest.cloudns.be/wp-admin/" "Mozilla/5.0 (Macintosh; Intel Mac OS X 10_15_7) AppleWebKit/537.36 (KHTML, like Gecko) Chrome/119.0.0.0 Safari/537.36"
82.125.205.192 - - [01/Feb/2024:22:52:52 +0000] "POST /wp-admin/admin-ajax.php HTTP/1.1" 200 58 "http://evaluation.nelly-datascientest.cloudns.be/wp-admin/" "Mozilla/5.0 (Macintosh; Intel Mac OS X 10_15_7) AppleWebKit/537.36 (KHTML, like Gecko) Chrome/119.0.0.0 Safari/537.36"
82.125.205.192 - - [01/Feb/2024:22:54:52 +0000] "POST /wp-admin/admin-ajax.php HTTP/1.1" 200 58 "http://evaluation.nelly-datascientest.cloudns.be/wp-admin/" "Mozilla/5.0 (Macintosh; Intel Mac OS X 10_15_7) AppleWebKit/537.36 (KHTML, like Gecko) Chrome/119.0.0.0 Safari/537.36"
82.125.205.192 - - [01/Feb/2024:22:56:52 +0000] "POST /wp-admin/admin-ajax.php HTTP/1.1" 200 58 "http://evaluation.nelly-datascientest.cloudns.be/wp-admin/" "Mozilla/5.0 (Macintosh; Intel Mac OS X 10_15_7) AppleWebKit/537.36 (KHTML, like Gecko) Chrome/119.0.0.0 Safari/537.36"
82.125.205.192 - - [01/Feb/2024:22:58:52 +0000] "POST /wp-admin/admin-ajax.php HTTP/1.1" 200 58 "http://evaluation.nelly-datascientest.cloudns.be/wp-admin/" "Mozilla/5.0 (Macintosh; Intel Mac OS X 10_15_7) AppleWebKit/537.36 (KHTML, like Gecko) Chrome/119.0.0.0 Safari/537.36"
82.125.205.192 - - [01/Feb/2024:23:00:53 +0000] "POST /wp-admin/admin-ajax.php HTTP/1.1" 200 58 "http://evaluation.nelly-datascientest.cloudns.be/wp-admin/" "Mozilla/5.0 (Macintosh; Intel Mac OS X 10_15_7) AppleWebKit/537.36 (KHTML, like Gecko) Chrome/119.0.0.0 Safari/537.36"
3.110.226.29 - - [01/Feb/2024:23:28:31 +0000] "GET / HTTP/1.1" 200 3543 "-" "Mozilla/5.0 (Linux; Android 8.1; PBBM00 Build/O11019) AppleWebKit/537.36 (KHTML, like Gecko) Chrome/58.0.3029.110 YaBrowser/17.6.1.345.00 Mobile Safari/537.36"
205.210.31.152 - - [01/Feb/2024:23:47:21 +0000] "GET / HTTP/1.1" 200 10918 "-" "Expanse, a Palo Alto Networks company, searches across the global IPv4 space multiple times per day to identify customers&#39; presences on the Internet. If you would like to be excluded from our scans, please send IP addresses/domains to: scaninfo@paloaltonetworks.com"
185.254.196.186 - - [01/Feb/2024:23:58:42 +0000] "GET /.env HTTP/1.1" 404 197 "-" "Mozilla/5.0 (X11; Linux x86_64) AppleWebKit/537.36 (KHTML, like Gecko) Chrome/81.0.4044.129 Safari/537.36"
185.254.196.186 - - [01/Feb/2024:23:58:45 +0000] "POST / HTTP/1.1" 405 568 "-" "Mozilla/5.0 (X11; Linux x86_64) AppleWebKit/537.36 (KHTML, like Gecko) Chrome/81.0.4044.129 Safari/537.36"
150.109.159.4 - - [02/Feb/2024:00:13:52 +0000] "HEAD /Core/Skin/Login.aspx HTTP/1.1" 404 0 "-" "Mozilla/5.0 (Windows NT 10.0; Win64; x64) AppleWebKit/537.36 (KHTML, like Gecko) Chrome/106.0.0.0 Safari/537.36"
198.235.24.22 - - [02/Feb/2024:00:25:49 +0000] "GET / HTTP/1.1" 200 10918 "-" "Expanse, a Palo Alto Networks company, searches across the global IPv4 space multiple times per day to identify customers&#39; presences on the Internet. If you would like to be excluded from our scans, please send IP addresses/domains to: scaninfo@paloaltonetworks.com"
18.201.119.1 - - [02/Feb/2024:00:27:12 +0000] "POST /wp-cron.php?doing_wp_cron=1706833632.2742969989776611328125 HTTP/1.1" 499 0 "-" "WordPress/6.4.3; http://evaluation.nelly-datascientest.cloudns.be"
82.125.205.192 - - [02/Feb/2024:00:27:12 +0000] "GET /wp-admin/ HTTP/1.1" 200 25495 "http://evaluation.nelly-datascientest.cloudns.be/wp-login.php" "Mozilla/5.0 (Macintosh; Intel Mac OS X 10_15_7) AppleWebKit/537.36 (KHTML, like Gecko) Chrome/119.0.0.0 Safari/537.36"
82.125.205.192 - - [02/Feb/2024:00:27:14 +0000] "GET /wp-admin/load-scripts.php?c=1&load%5Bchunk_0%5D=jquery-core,jquery-migrate,utils&ver=6.4.3 HTTP/1.1" 200 103121 "http://evaluation.nelly-datascientest.cloudns.be/wp-admin/" "Mozilla/5.0 (Macintosh; Intel Mac OS X 10_15_7) AppleWebKit/537.36 (KHTML, like Gecko) Chrome/119.0.0.0 Safari/537.36"
82.125.205.192 - - [02/Feb/2024:00:27:14 +0000] "GET /wp-admin/load-scripts.php?c=1&load%5Bchunk_0%5D=hoverIntent,wp-polyfill-inert,regenerator-runtime,wp-polyfill,wp-hooks&ver=6.4.3 HTTP/1.1" 200 136187 "http://evaluation.nelly-datascientest.cloudns.be/wp-admin/" "Mozilla/5.0 (Macintosh; Intel Mac OS X 10_15_7) AppleWebKit/537.36 (KHTML, like Gecko) Chrome/119.0.0.0 Safari/537.36"
82.125.205.192 - - [02/Feb/2024:00:27:14 +0000] "GET /wp-admin/load-styles.php?c=1&dir=ltr&load%5Bchunk_0%5D=dashicons,admin-bar,site-health,common,forms,admin-menu,dashboard,list-tables,edit,revisions,media,themes,about,nav-menus,wp-poi&load%5Bchunk_1%5D=nter,widgets,site-icon,l10n,buttons,wp-auth-check&ver=6.4.3 HTTP/1.1" 200 396085 "http://evaluation.nelly-datascientest.cloudns.be/wp-admin/" "Mozilla/5.0 (Macintosh; Intel Mac OS X 10_15_7) AppleWebKit/537.36 (KHTML, like Gecko) Chrome/119.0.0.0 Safari/537.36"
82.125.205.192 - - [02/Feb/2024:00:29:17 +0000] "POST /wp-admin/admin-ajax.php HTTP/1.1" 200 58 "http://evaluation.nelly-datascientest.cloudns.be/wp-admin/" "Mozilla/5.0 (Macintosh; Intel Mac OS X 10_15_7) AppleWebKit/537.36 (KHTML, like Gecko) Chrome/119.0.0.0 Safari/537.36"
82.125.205.192 - - [02/Feb/2024:00:31:18 +0000] "POST /wp-admin/admin-ajax.php HTTP/1.1" 200 58 "http://evaluation.nelly-datascientest.cloudns.be/wp-admin/" "Mozilla/5.0 (Macintosh; Intel Mac OS X 10_15_7) AppleWebKit/537.36 (KHTML, like Gecko) Chrome/119.0.0.0 Safari/537.36"
82.125.205.192 - - [02/Feb/2024:00:33:19 +0000] "POST /wp-admin/admin-ajax.php HTTP/1.1" 200 58 "http://evaluation.nelly-datascientest.cloudns.be/wp-admin/" "Mozilla/5.0 (Macintosh; Intel Mac OS X 10_15_7) AppleWebKit/537.36 (KHTML, like Gecko) Chrome/119.0.0.0 Safari/537.36"
82.125.205.192 - - [02/Feb/2024:00:35:20 +0000] "POST /wp-admin/admin-ajax.php HTTP/1.1" 200 58 "http://evaluation.nelly-datascientest.cloudns.be/wp-admin/" "Mozilla/5.0 (Macintosh; Intel Mac OS X 10_15_7) AppleWebKit/537.36 (KHTML, like Gecko) Chrome/119.0.0.0 Safari/537.36"
15.207.103.159 - - [02/Feb/2024:00:35:49 +0000] "GET / HTTP/1.1" 200 3543 "-" "Mozilla/5.0 (Windows Phone 10.0; Android 4.2.1; DEVICE INFO) AppleWebKit/537.36 (KHTML, like Gecko) Chrome/39.0.2171.71 Mobile Safari/537.36 Edge/12.0"
82.125.205.192 - - [02/Feb/2024:00:37:21 +0000] "POST /wp-admin/admin-ajax.php HTTP/1.1" 200 58 "http://evaluation.nelly-datascientest.cloudns.be/wp-admin/" "Mozilla/5.0 (Macintosh; Intel Mac OS X 10_15_7) AppleWebKit/537.36 (KHTML, like Gecko) Chrome/119.0.0.0 Safari/537.36"
18.201.119.1 - - [02/Feb/2024:00:39:22 +0000] "POST /wp-cron.php?doing_wp_cron=1706834362.5765058994293212890625 HTTP/1.1" 499 0 "-" "WordPress/6.4.3; http://evaluation.nelly-datascientest.cloudns.be"
82.125.205.192 - - [02/Feb/2024:00:39:22 +0000] "POST /wp-admin/admin-ajax.php HTTP/1.1" 200 58 "http://evaluation.nelly-datascientest.cloudns.be/wp-admin/" "Mozilla/5.0 (Macintosh; Intel Mac OS X 10_15_7) AppleWebKit/537.36 (KHTML, like Gecko) Chrome/119.0.0.0 Safari/537.36"
82.125.205.192 - - [02/Feb/2024:00:41:23 +0000] "POST /wp-admin/admin-ajax.php HTTP/1.1" 200 58 "http://evaluation.nelly-datascientest.cloudns.be/wp-admin/" "Mozilla/5.0 (Macintosh; Intel Mac OS X 10_15_7) AppleWebKit/537.36 (KHTML, like Gecko) Chrome/119.0.0.0 Safari/537.36"
82.125.205.192 - - [02/Feb/2024:00:43:24 +0000] "POST /wp-admin/admin-ajax.php HTTP/1.1" 200 58 "http://evaluation.nelly-datascientest.cloudns.be/wp-admin/" "Mozilla/5.0 (Macintosh; Intel Mac OS X 10_15_7) AppleWebKit/537.36 (KHTML, like Gecko) Chrome/119.0.0.0 Safari/537.36"
82.125.205.192 - - [02/Feb/2024:00:45:25 +0000] "POST /wp-admin/admin-ajax.php HTTP/1.1" 200 58 "http://evaluation.nelly-datascientest.cloudns.be/wp-admin/" "Mozilla/5.0 (Macintosh; Intel Mac OS X 10_15_7) AppleWebKit/537.36 (KHTML, like Gecko) Chrome/119.0.0.0 Safari/537.36"
82.125.205.192 - - [02/Feb/2024:00:47:26 +0000] "POST /wp-admin/admin-ajax.php HTTP/1.1" 200 58 "http://evaluation.nelly-datascientest.cloudns.be/wp-admin/" "Mozilla/5.0 (Macintosh; Intel Mac OS X 10_15_7) AppleWebKit/537.36 (KHTML, like Gecko) Chrome/119.0.0.0 Safari/537.36"
82.125.205.192 - - [02/Feb/2024:00:49:27 +0000] "POST /wp-admin/admin-ajax.php HTTP/1.1" 200 58 "http://evaluation.nelly-datascientest.cloudns.be/wp-admin/" "Mozilla/5.0 (Macintosh; Intel Mac OS X 10_15_7) AppleWebKit/537.36 (KHTML, like Gecko) Chrome/119.0.0.0 Safari/537.36"
91.92.249.164 - - [02/Feb/2024:00:50:16 +0000] "HEAD / HTTP/1.0" 200 0 "-" "-"
91.92.249.164 - - [02/Feb/2024:00:50:17 +0000] "GET /.git/config HTTP/1.1" 404 134 "-" "Go-http-client/1.1"
91.92.249.164 - - [02/Feb/2024:00:50:18 +0000] "GET /static../.git/config HTTP/1.1" 404 134 "-" "Go-http-client/1.1"
91.92.249.164 - - [02/Feb/2024:00:50:19 +0000] "GET /wp-content/plugins/.git/config HTTP/1.1" 404 134 "-" "Go-http-client/1.1"
91.92.249.164 - - [02/Feb/2024:00:50:19 +0000] "GET /admin/.git/config HTTP/1.1" 404 134 "-" "Go-http-client/1.1"
91.92.249.164 - - [02/Feb/2024:00:50:19 +0000] "GET /app/.git/config HTTP/1.1" 404 134 "-" "Go-http-client/1.1"
82.125.205.192 - - [02/Feb/2024:00:51:28 +0000] "POST /wp-admin/admin-ajax.php HTTP/1.1" 200 58 "http://evaluation.nelly-datascientest.cloudns.be/wp-admin/" "Mozilla/5.0 (Macintosh; Intel Mac OS X 10_15_7) AppleWebKit/537.36 (KHTML, like Gecko) Chrome/119.0.0.0 Safari/537.36"
82.125.205.192 - - [02/Feb/2024:00:53:29 +0000] "POST /wp-admin/admin-ajax.php HTTP/1.1" 200 58 "http://evaluation.nelly-datascientest.cloudns.be/wp-admin/" "Mozilla/5.0 (Macintosh; Intel Mac OS X 10_15_7) AppleWebKit/537.36 (KHTML, like Gecko) Chrome/119.0.0.0 Safari/537.36"
82.125.205.192 - - [02/Feb/2024:00:55:30 +0000] "POST /wp-admin/admin-ajax.php HTTP/1.1" 200 58 "http://evaluation.nelly-datascientest.cloudns.be/wp-admin/" "Mozilla/5.0 (Macintosh; Intel Mac OS X 10_15_7) AppleWebKit/537.36 (KHTML, like Gecko) Chrome/119.0.0.0 Safari/537.36"
82.125.205.192 - - [02/Feb/2024:00:57:31 +0000] "POST /wp-admin/admin-ajax.php HTTP/1.1" 200 58 "http://evaluation.nelly-datascientest.cloudns.be/wp-admin/" "Mozilla/5.0 (Macintosh; Intel Mac OS X 10_15_7) AppleWebKit/537.36 (KHTML, like Gecko) Chrome/119.0.0.0 Safari/537.36"
82.125.205.192 - - [02/Feb/2024:00:59:32 +0000] "POST /wp-admin/admin-ajax.php HTTP/1.1" 200 58 "http://evaluation.nelly-datascientest.cloudns.be/wp-admin/" "Mozilla/5.0 (Macintosh; Intel Mac OS X 10_15_7) AppleWebKit/537.36 (KHTML, like Gecko) Chrome/119.0.0.0 Safari/537.36"
82.125.205.192 - - [02/Feb/2024:01:01:33 +0000] "POST /wp-admin/admin-ajax.php HTTP/1.1" 200 58 "http://evaluation.nelly-datascientest.cloudns.be/wp-admin/" "Mozilla/5.0 (Macintosh; Intel Mac OS X 10_15_7) AppleWebKit/537.36 (KHTML, like Gecko) Chrome/119.0.0.0 Safari/537.36"
82.125.205.192 - - [02/Feb/2024:01:03:34 +0000] "POST /wp-admin/admin-ajax.php HTTP/1.1" 200 58 "http://evaluation.nelly-datascientest.cloudns.be/wp-admin/" "Mozilla/5.0 (Macintosh; Intel Mac OS X 10_15_7) AppleWebKit/537.36 (KHTML, like Gecko) Chrome/119.0.0.0 Safari/537.36"
82.125.205.192 - - [02/Feb/2024:01:05:35 +0000] "POST /wp-admin/admin-ajax.php HTTP/1.1" 200 58 "http://evaluation.nelly-datascientest.cloudns.be/wp-admin/" "Mozilla/5.0 (Macintosh; Intel Mac OS X 10_15_7) AppleWebKit/537.36 (KHTML, like Gecko) Chrome/119.0.0.0 Safari/537.36"
82.125.205.192 - - [02/Feb/2024:01:07:36 +0000] "POST /wp-admin/admin-ajax.php HTTP/1.1" 200 58 "http://evaluation.nelly-datascientest.cloudns.be/wp-admin/" "Mozilla/5.0 (Macintosh; Intel Mac OS X 10_15_7) AppleWebKit/537.36 (KHTML, like Gecko) Chrome/119.0.0.0 Safari/537.36"
82.125.205.192 - - [02/Feb/2024:01:09:37 +0000] "POST /wp-admin/admin-ajax.php HTTP/1.1" 200 58 "http://evaluation.nelly-datascientest.cloudns.be/wp-admin/" "Mozilla/5.0 (Macintosh; Intel Mac OS X 10_15_7) AppleWebKit/537.36 (KHTML, like Gecko) Chrome/119.0.0.0 Safari/537.36"
82.125.205.192 - - [02/Feb/2024:01:11:38 +0000] "POST /wp-admin/admin-ajax.php HTTP/1.1" 200 58 "http://evaluation.nelly-datascientest.cloudns.be/wp-admin/" "Mozilla/5.0 (Macintosh; Intel Mac OS X 10_15_7) AppleWebKit/537.36 (KHTML, like Gecko) Chrome/119.0.0.0 Safari/537.36"
82.125.205.192 - - [02/Feb/2024:01:13:40 +0000] "POST /wp-admin/admin-ajax.php HTTP/1.1" 200 58 "http://evaluation.nelly-datascientest.cloudns.be/wp-admin/" "Mozilla/5.0 (Macintosh; Intel Mac OS X 10_15_7) AppleWebKit/537.36 (KHTML, like Gecko) Chrome/119.0.0.0 Safari/537.36"
82.125.205.192 - - [02/Feb/2024:01:15:40 +0000] "POST /wp-admin/admin-ajax.php HTTP/1.1" 200 58 "http://evaluation.nelly-datascientest.cloudns.be/wp-admin/" "Mozilla/5.0 (Macintosh; Intel Mac OS X 10_15_7) AppleWebKit/537.36 (KHTML, like Gecko) Chrome/119.0.0.0 Safari/537.36"
82.125.205.192 - - [02/Feb/2024:01:17:41 +0000] "POST /wp-admin/admin-ajax.php HTTP/1.1" 200 58 "http://evaluation.nelly-datascientest.cloudns.be/wp-admin/" "Mozilla/5.0 (Macintosh; Intel Mac OS X 10_15_7) AppleWebKit/537.36 (KHTML, like Gecko) Chrome/119.0.0.0 Safari/537.36"
18.219.176.91 - - [03/Feb/2024:18:49:46 +0000] "GET /.well-known/acme-challenge/Erg6PVRAPk5SFJ8MI2gSR33IF11nZszsFwDYRwW0QEk HTTP/1.1" 200 87 "-" "Mozilla/5.0 (compatible; Let's Encrypt validation server; +https://www.letsencrypt.org)"
54.191.182.114 - - [03/Feb/2024:18:49:46 +0000] "GET /.well-known/acme-challenge/Erg6PVRAPk5SFJ8MI2gSR33IF11nZszsFwDYRwW0QEk HTTP/1.1" 200 87 "-" "Mozilla/5.0 (compatible; Let's Encrypt validation server; +https://www.letsencrypt.org)"
66.133.109.36 - - [03/Feb/2024:18:49:46 +0000] "GET /.well-known/acme-challenge/Erg6PVRAPk5SFJ8MI2gSR33IF11nZszsFwDYRwW0QEk HTTP/1.1" 200 87 "-" "Mozilla/5.0 (compatible; Let's Encrypt validation server; +https://www.letsencrypt.org)"
65.154.226.170 - - [03/Feb/2024:18:51:07 +0000] "GET / HTTP/1.1" 301 178 "-" "Mozilla/5.0 (Windows NT 10.0; Win64; x64) AppleWebKit/537.36 (KHTML, like Gecko) Chrome/117.0.5938.132 Safari/537.36"
34.123.170.104 - - [03/Feb/2024:18:51:08 +0000] "GET / HTTP/1.1" 301 178 "-" "Mozilla/5.0 (X11; Linux x86_64) AppleWebKit/537.36 (KHTML, like Gecko) HeadlessChrome/92.0.4515.159 Safari/537.36"
63.32.89.67 - - [03/Feb/2024:18:51:10 +0000] "POST /wp-cron.php?doing_wp_cron=1706986270.4304189682006835937500 HTTP/1.1" 499 0 "-" "WordPress/6.4.3; https://evaluation.nelly-datascientest.cloudns.be"
63.32.89.67 - - [03/Feb/2024:18:51:10 +0000] "POST /wp-cron.php?doing_wp_cron=1706986270.4304189682006835937500 HTTP/1.1" 499 0 "-" "WordPress/6.4.3; https://evaluation.nelly-datascientest.cloudns.be"
65.154.226.170 - - [03/Feb/2024:18:51:10 +0000] "GET / HTTP/1.1" 200 17975 "-" "Mozilla/5.0 (Windows NT 10.0; Win64; x64) AppleWebKit/537.36 (KHTML, like Gecko) Chrome/117.0.5938.132 Safari/537.36"
139.59.182.142 - - [03/Feb/2024:18:51:10 +0000] "GET / HTTP/1.1" 200 85087 "-" "-"
104.197.69.115 - - [03/Feb/2024:18:51:10 +0000] "GET / HTTP/1.1" 200 17975 "-" "Mozilla/5.0 (X11; Linux x86_64) AppleWebKit/537.36 (KHTML, like Gecko) HeadlessChrome/92.0.4515.159 Safari/537.36"
139.59.182.142 - - [03/Feb/2024:18:51:10 +0000] "GET / HTTP/1.1" 200 85087 "-" "Mozilla/5.0 (Linux; Android 6.0; HTC One M9 Build/MRA088045) AppleWebKit/537.36 (KHTML, like Gecko) Chrome/52.0.1059.98 Mobile Safari/537.3"
65.154.226.170 - - [03/Feb/2024:18:51:11 +0000] "GET /wp-includes/blocks/navigation/style.min.css?ver=6.4.3 HTTP/1.1" 200 16534 "https://evaluation.nelly-datascientest.cloudns.be/" "Mozilla/5.0 (Windows NT 10.0; Win64; x64) AppleWebKit/537.36 (KHTML, like Gecko) Chrome/117.0.5938.132 Safari/537.36"
139.59.182.142 - - [03/Feb/2024:18:51:11 +0000] "GET /.vscode/sftp.json HTTP/1.1" 404 13229 "-" "Go-http-client/1.1"
139.59.182.142 - - [03/Feb/2024:18:51:11 +0000] "GET /about HTTP/1.1" 404 13229 "-" "Go-http-client/1.1"
65.154.226.170 - - [03/Feb/2024:18:51:11 +0000] "GET /wp-includes/blocks/image/style.min.css?ver=6.4.3 HTTP/1.1" 200 6979 "https://evaluation.nelly-datascientest.cloudns.be/" "Mozilla/5.0 (Windows NT 10.0; Win64; x64) AppleWebKit/537.36 (KHTML, like Gecko) Chrome/117.0.5938.132 Safari/537.36"
104.197.69.115 - - [03/Feb/2024:18:51:11 +0000] "GET /wp-includes/blocks/navigation/style.min.css?ver=6.4.3 HTTP/1.1" 200 16534 "https://evaluation.nelly-datascientest.cloudns.be/" "Mozilla/5.0 (X11; Linux x86_64) AppleWebKit/537.36 (KHTML, like Gecko) HeadlessChrome/92.0.4515.159 Safari/537.36"
139.59.182.142 - - [03/Feb/2024:18:51:11 +0000] "GET /debug/default/view?panel=config HTTP/1.1" 404 13229 "-" "Go-http-client/1.1"
65.154.226.170 - - [03/Feb/2024:18:51:11 +0000] "GET /wp-content/themes/twentytwentyfour/assets/fonts/cardo/cardo_italic_400.woff2 HTTP/1.1" 200 105184 "https://evaluation.nelly-datascientest.cloudns.be/" "Mozilla/5.0 (Windows NT 10.0; Win64; x64) AppleWebKit/537.36 (KHTML, like Gecko) Chrome/117.0.5938.132 Safari/537.36"
65.154.226.170 - - [03/Feb/2024:18:51:11 +0000] "GET /wp-content/themes/twentytwentyfour/assets/images/tourist-and-building.webp HTTP/1.1" 200 66482 "https://evaluation.nelly-datascientest.cloudns.be/" "Mozilla/5.0 (Windows NT 10.0; Win64; x64) AppleWebKit/537.36 (KHTML, like Gecko) Chrome/117.0.5938.132 Safari/537.36"
139.59.182.142 - - [03/Feb/2024:18:51:11 +0000] "GET /v2/_catalog HTTP/1.1" 404 13229 "-" "Go-http-client/1.1"
104.197.69.115 - - [03/Feb/2024:18:51:11 +0000] "GET /wp-includes/blocks/image/style.min.css?ver=6.4.3 HTTP/1.1" 200 6979 "https://evaluation.nelly-datascientest.cloudns.be/" "Mozilla/5.0 (X11; Linux x86_64) AppleWebKit/537.36 (KHTML, like Gecko) HeadlessChrome/92.0.4515.159 Safari/537.36"
34.123.170.104 - - [03/Feb/2024:18:51:11 +0000] "GET /wp-includes/js/dist/interactivity.min.js?ver=6.4.3 HTTP/1.1" 200 32378 "https://evaluation.nelly-datascientest.cloudns.be/" "Mozilla/5.0 (X11; Linux x86_64) AppleWebKit/537.36 (KHTML, like Gecko) HeadlessChrome/92.0.4515.159 Safari/537.36"
65.154.226.170 - - [03/Feb/2024:18:51:11 +0000] "GET /wp-content/themes/twentytwentyfour/assets/images/building-exterior.webp HTTP/1.1" 200 199724 "https://evaluation.nelly-datascientest.cloudns.be/" "Mozilla/5.0 (Windows NT 10.0; Win64; x64) AppleWebKit/537.36 (KHTML, like Gecko) Chrome/117.0.5938.132 Safari/537.36"
65.154.226.170 - - [03/Feb/2024:18:51:11 +0000] "GET /wp-content/themes/twentytwentyfour/assets/images/windows.webp HTTP/1.1" 200 126244 "https://evaluation.nelly-datascientest.cloudns.be/" "Mozilla/5.0 (Windows NT 10.0; Win64; x64) AppleWebKit/537.36 (KHTML, like Gecko) Chrome/117.0.5938.132 Safari/537.36"
139.59.182.142 - - [03/Feb/2024:18:51:11 +0000] "GET /ecp/Current/exporttool/microsoft.exchange.ediscovery.exporttool.application HTTP/1.1" 404 13229 "-" "Go-http-client/1.1"
104.197.69.115 - - [03/Feb/2024:18:51:11 +0000] "GET /wp-includes/blocks/navigation/view.min.js?ver=e3d6f3216904b5b42831 HTTP/1.1" 200 3586 "https://evaluation.nelly-datascientest.cloudns.be/" "Mozilla/5.0 (X11; Linux x86_64) AppleWebKit/537.36 (KHTML, like Gecko) HeadlessChrome/92.0.4515.159 Safari/537.36"
65.154.226.170 - - [03/Feb/2024:18:51:11 +0000] "GET /wp-content/themes/twentytwentyfour/assets/fonts/inter/Inter-VariableFont_slnt,wght.woff2 HTTP/1.1" 200 326628 "https://evaluation.nelly-datascientest.cloudns.be/" "Mozilla/5.0 (Windows NT 10.0; Win64; x64) AppleWebKit/537.36 (KHTML, like Gecko) Chrome/117.0.5938.132 Safari/537.36"
139.59.182.142 - - [03/Feb/2024:18:51:11 +0000] "GET /server-status HTTP/1.1" 404 13229 "-" "Go-http-client/1.1"
65.154.226.170 - - [03/Feb/2024:18:51:11 +0000] "GET /wp-content/themes/twentytwentyfour/assets/fonts/cardo/cardo_normal_400.woff2 HTTP/1.1" 200 146060 "https://evaluation.nelly-datascientest.cloudns.be/" "Mozilla/5.0 (Windows NT 10.0; Win64; x64) AppleWebKit/537.36 (KHTML, like Gecko) Chrome/117.0.5938.132 Safari/537.36"
104.197.69.115 - - [03/Feb/2024:18:51:11 +0000] "GET /wp-content/themes/twentytwentyfour/assets/fonts/cardo/cardo_italic_400.woff2 HTTP/1.1" 200 105184 "https://evaluation.nelly-datascientest.cloudns.be/" "Mozilla/5.0 (X11; Linux x86_64) AppleWebKit/537.36 (KHTML, like Gecko) HeadlessChrome/92.0.4515.159 Safari/537.36"
104.197.69.115 - - [03/Feb/2024:18:51:11 +0000] "GET /wp-content/themes/twentytwentyfour/assets/fonts/cardo/cardo_normal_400.woff2 HTTP/1.1" 200 146060 "https://evaluation.nelly-datascientest.cloudns.be/" "Mozilla/5.0 (X11; Linux x86_64) AppleWebKit/537.36 (KHTML, like Gecko) HeadlessChrome/92.0.4515.159 Safari/537.36"
139.59.182.142 - - [03/Feb/2024:18:51:11 +0000] "GET /login.action HTTP/1.1" 404 13229 "-" "Go-http-client/1.1"
65.154.226.170 - - [03/Feb/2024:18:51:11 +0000] "GET /wp-includes/js/dist/interactivity.min.js?ver=6.4.3 HTTP/1.1" 200 32378 "https://evaluation.nelly-datascientest.cloudns.be/" "Mozilla/5.0 (Windows NT 10.0; Win64; x64) AppleWebKit/537.36 (KHTML, like Gecko) Chrome/117.0.5938.132 Safari/537.36"
